120:../src/split.lua
0 0 0 0 0 0 0 0 0 6 6 6 6 0 6 0 0 0 0 0 1 4 3 0 0 1 6 0 0 0 0 0 0 18 0 0 0 0 0 0 17 17 16 2 1 1 0 0 0 0 0 15 15 15 15 0 42 27 27 27 0 0 0 0 0 15 12 0 0 0 0 0 15 3 0 0 15 6 0 0 0 4 4 4 0 0 0 0 0 4 4 0 19 0 18 18 12 12 12 6 2 2 2 4 1 1 0 7 0 4 6 0 6 6 6 6 6 6 6 6 
43:test-special-cases.lua
0 1 1 1 0 1 0 0 0 1 1 1 1 1 1 0 0 0 1 1 1 1 1 1 1 0 0 1 1 1 1 1 1 0 0 1 1 1 1 1 1 0 1 
184:/usr/local/share/lua/5.2/tapered.lua
0 6 6 6 6 6 6 0 6 6 6 6 6 0 0 0 0 0 74 80 0 0 0 0 0 0 0 0 0 0 0 6 0 0 0 0 0 20 15 15 0 0 0 20 15 0 0 5 6 0 0 0 0 20 20 20 0 0 0 0 0 5 5 0 0 5 0 6 0 0 0 6 6 6 0 0 68 74 0 0 68 74 0 0 0 0 68 0 68 68 0 0 0 0 68 0 68 68 0 0 0 0 0 0 0 0 68 74 0 0 0 6 0 0 0 6 0 0 62 68 0 0 0 6 0 0 5 11 0 0 0 6 0 0 0 6 0 0 0 6 0 0 0 6 0 0 1 1 1 1 1 0 7 0 0 5 5 5 0 0 0 0 0 0 5 6 0 6 6 6 6 6 6 6 6 6 6 6 6 6 6 6 6 6 
37:test-empty-fields.lua
0 1 1 1 1 0 1 0 1 1 1 1 1 1 0 1 1 1 1 1 1 0 1 1 1 1 1 1 1 0 1 1 1 1 1 0 1 
39:test-iterator.lua
0 1 1 1 0 0 1 1 1 8 7 0 1 0 1 1 1 8 7 0 1 0 1 1 1 1 0 0 1 1 1 1 2 1 0 1 1 0 1 
24:test-utf8.lua
0 1 1 1 0 1 0 1 1 1 1 1 1 1 0 1 1 2 1 1 1 1 1 1 
48:test-basics.lua
0 1 1 1 1 0 1 0 1 1 1 0 1 1 1 1 0 1 1 1 1 1 0 1 1 1 1 1 0 1 1 1 1 1 0 1 1 1 1 1 0 1 1 1 1 1 0 1 
11:test-deviant-pattern.lua
0 1 1 1 0 1 0 1 1 0 1 
